20210714000000
20210715000000
20210716000000
20210717000000
20210718000000
20210719000000
20210720000000
20210721000000
20210722000000
20210723000000
20210724000000
20210725000000
20210726000000
20210727000000
20210728000000
20210729000000
20210730000000
20210731000000
20210801000000
Traceback (most recent call last):
  File "/users/PAS3252/ayang1720/HONORS_THESIS/plot_glace_ONLY.py", line 61, in <module>
    pvalues=glace_esa.glace_esa_pvalues(x,response_variables2[:-1],time,number_of_ensembles,ncells)
  File "/users/PAS3252/ayang1720/HONORS_THESIS/glace_esa.py", line 174, in glace_esa_pvalues
    global_arrays=construct_array(response_variables,time,number_of_ensembles,ncells) #shape: (# of responses, 100 ensembles, 40962 cells)
  File "/users/PAS3252/ayang1720/HONORS_THESIS/glace_esa.py", line 72, in construct_array
    ne=Dataset(fname3)
  File "src/netCDF4/_netCDF4.pyx", line 2521, in netCDF4._netCDF4.Dataset.__init__
  File "src/netCDF4/_netCDF4.pyx", line 2158, in netCDF4._netCDF4._ensure_nc_success
FileNotFoundError: [Errno 2] No such file or directory: '/fs/ess/PAS2635/LandAir_Predictability/member_00224/diag.2021-08-22_00.00.00.nc'
Traceback (most recent call last):
  File "/users/PAS3252/ayang1720/HONORS_THESIS/plot_glace_ONLY.py", line 61, in <module>
Traceback (most recent call last):
  File "/users/PAS3252/ayang1720/HONORS_THESIS/plot_glace_ONLY.py", line 61, in <module>
Traceback (most recent call last):
  File "/users/PAS3252/ayang1720/HONORS_THESIS/plot_glace_ONLY.py", line 61, in <module>
Traceback (most recent call last):
  File "/users/PAS3252/ayang1720/HONORS_THESIS/plot_glace_ONLY.py", line 61, in <module>
Traceback (most recent call last):
  File "/users/PAS3252/ayang1720/HONORS_THESIS/plot_glace_ONLY.py", line 61, in <module>
    pvalues=glace_esa.glace_esa_pvalues(x,response_variables2[:-1],time,number_of_ensembles,ncells)
  File "/users/PAS3252/ayang1720/HONORS_THESIS/glace_esa.py", line 174, in glace_esa_pvalues
    pvalues=glace_esa.glace_esa_pvalues(x,response_variables2[:-1],time,number_of_ensembles,ncells)
  File "/users/PAS3252/ayang1720/HONORS_THESIS/glace_esa.py", line 174, in glace_esa_pvalues
    pvalues=glace_esa.glace_esa_pvalues(x,response_variables2[:-1],time,number_of_ensembles,ncells)
  File "/users/PAS3252/ayang1720/HONORS_THESIS/glace_esa.py", line 174, in glace_esa_pvalues
    pvalues=glace_esa.glace_esa_pvalues(x,response_variables2[:-1],time,number_of_ensembles,ncells)
  File "/users/PAS3252/ayang1720/HONORS_THESIS/glace_esa.py", line 174, in glace_esa_pvalues
    global_arrays=construct_array(response_variables,time,number_of_ensembles,ncells) #shape: (# of responses, 100 ensembles, 40962 cells)
  File "/users/PAS3252/ayang1720/HONORS_THESIS/glace_esa.py", line 72, in construct_array
    global_arrays=construct_array(response_variables,time,number_of_ensembles,ncells) #shape: (# of responses, 100 ensembles, 40962 cells)
    global_arrays=construct_array(response_variables,time,number_of_ensembles,ncells) #shape: (# of responses, 100 ensembles, 40962 cells)
    global_arrays=construct_array(response_variables,time,number_of_ensembles,ncells) #shape: (# of responses, 100 ensembles, 40962 cells)
  File "/users/PAS3252/ayang1720/HONORS_THESIS/glace_esa.py", line 72, in construct_array
  File "/users/PAS3252/ayang1720/HONORS_THESIS/glace_esa.py", line 72, in construct_array
  File "/users/PAS3252/ayang1720/HONORS_THESIS/glace_esa.py", line 72, in construct_array
    ne=Dataset(fname3)
  File "src/netCDF4/_netCDF4.pyx", line 2521, in netCDF4._netCDF4.Dataset.__init__
    ne=Dataset(fname3)
    ne=Dataset(fname3)
    ne=Dataset(fname3)
  File "src/netCDF4/_netCDF4.pyx", line 2521, in netCDF4._netCDF4.Dataset.__init__
  File "src/netCDF4/_netCDF4.pyx", line 2521, in netCDF4._netCDF4.Dataset.__init__
  File "src/netCDF4/_netCDF4.pyx", line 2521, in netCDF4._netCDF4.Dataset.__init__
    pvalues=glace_esa.glace_esa_pvalues(x,response_variables2[:-1],time,number_of_ensembles,ncells)
  File "/users/PAS3252/ayang1720/HONORS_THESIS/glace_esa.py", line 174, in glace_esa_pvalues
    global_arrays=construct_array(response_variables,time,number_of_ensembles,ncells) #shape: (# of responses, 100 ensembles, 40962 cells)
  File "/users/PAS3252/ayang1720/HONORS_THESIS/glace_esa.py", line 72, in construct_array
    ne=Dataset(fname3)
  File "src/netCDF4/_netCDF4.pyx", line 2521, in netCDF4._netCDF4.Dataset.__init__
  File "src/netCDF4/_netCDF4.pyx", line 2158, in netCDF4._netCDF4._ensure_nc_success
  File "src/netCDF4/_netCDF4.pyx", line 2158, in netCDF4._netCDF4._ensure_nc_success
  File "src/netCDF4/_netCDF4.pyx", line 2158, in netCDF4._netCDF4._ensure_nc_success
  File "src/netCDF4/_netCDF4.pyx", line 2158, in netCDF4._netCDF4._ensure_nc_success
FileNotFoundError: [Errno 2] No such file or directory: '/fs/ess/PAS2635/LandAir_Predictability/member_00455/diag.2021-08-07_00.00.00.nc'
  File "src/netCDF4/_netCDF4.pyx", line 2158, in netCDF4._netCDF4._ensure_nc_success
FileNotFoundError: [Errno 2] No such file or directory: '/fs/ess/PAS2635/LandAir_Predictability/member_00455/diag.2021-08-07_00.00.00.nc'
FileNotFoundError: [Errno 2] No such file or directory: '/fs/ess/PAS2635/LandAir_Predictability/member_00455/diag.2021-08-07_00.00.00.nc'
FileNotFoundError: [Errno 2] No such file or directory: '/fs/ess/PAS2635/LandAir_Predictability/member_00455/diag.2021-08-07_00.00.00.nc'
FileNotFoundError: [Errno 2] No such file or directory: '/fs/ess/PAS2635/LandAir_Predictability/member_00455/diag.2021-08-07_00.00.00.nc'
Traceback (most recent call last):
  File "/users/PAS3252/ayang1720/HONORS_THESIS/plot_glace_ONLY.py", line 61, in <module>
Traceback (most recent call last):
  File "/users/PAS3252/ayang1720/HONORS_THESIS/plot_glace_ONLY.py", line 61, in <module>
Traceback (most recent call last):
  File "/users/PAS3252/ayang1720/HONORS_THESIS/plot_glace_ONLY.py", line 61, in <module>
Traceback (most recent call last):
  File "/users/PAS3252/ayang1720/HONORS_THESIS/plot_glace_ONLY.py", line 61, in <module>
Traceback (most recent call last):
  File "/users/PAS3252/ayang1720/HONORS_THESIS/plot_glace_ONLY.py", line 61, in <module>
    pvalues=glace_esa.glace_esa_pvalues(x,response_variables2[:-1],time,number_of_ensembles,ncells)
  File "/users/PAS3252/ayang1720/HONORS_THESIS/glace_esa.py", line 174, in glace_esa_pvalues
    global_arrays=construct_array(response_variables,time,number_of_ensembles,ncells) #shape: (# of responses, 100 ensembles, 40962 cells)
  File "/users/PAS3252/ayang1720/HONORS_THESIS/glace_esa.py", line 72, in construct_array
    pvalues=glace_esa.glace_esa_pvalues(x,response_variables2[:-1],time,number_of_ensembles,ncells)
  File "/users/PAS3252/ayang1720/HONORS_THESIS/glace_esa.py", line 174, in glace_esa_pvalues
    pvalues=glace_esa.glace_esa_pvalues(x,response_variables2[:-1],time,number_of_ensembles,ncells)
  File "/users/PAS3252/ayang1720/HONORS_THESIS/glace_esa.py", line 174, in glace_esa_pvalues
    ne=Dataset(fname3)
  File "src/netCDF4/_netCDF4.pyx", line 2521, in netCDF4._netCDF4.Dataset.__init__
    pvalues=glace_esa.glace_esa_pvalues(x,response_variables2[:-1],time,number_of_ensembles,ncells)
  File "/users/PAS3252/ayang1720/HONORS_THESIS/glace_esa.py", line 174, in glace_esa_pvalues
    pvalues=glace_esa.glace_esa_pvalues(x,response_variables2[:-1],time,number_of_ensembles,ncells)
    global_arrays=construct_array(response_variables,time,number_of_ensembles,ncells) #shape: (# of responses, 100 ensembles, 40962 cells)
  File "/users/PAS3252/ayang1720/HONORS_THESIS/glace_esa.py", line 174, in glace_esa_pvalues
  File "/users/PAS3252/ayang1720/HONORS_THESIS/glace_esa.py", line 72, in construct_array
  File "src/netCDF4/_netCDF4.pyx", line 2158, in netCDF4._netCDF4._ensure_nc_success
    global_arrays=construct_array(response_variables,time,number_of_ensembles,ncells) #shape: (# of responses, 100 ensembles, 40962 cells)
  File "/users/PAS3252/ayang1720/HONORS_THESIS/glace_esa.py", line 72, in construct_array
    ne=Dataset(fname3)
  File "src/netCDF4/_netCDF4.pyx", line 2521, in netCDF4._netCDF4.Dataset.__init__
FileNotFoundError: [Errno 2] No such file or directory: '/fs/ess/PAS2635/LandAir_Predictability/member_00455/diag.2021-08-08_00.00.00.nc'
    global_arrays=construct_array(response_variables,time,number_of_ensembles,ncells) #shape: (# of responses, 100 ensembles, 40962 cells)
    ne=Dataset(fname3)
  File "/users/PAS3252/ayang1720/HONORS_THESIS/glace_esa.py", line 72, in construct_array
    global_arrays=construct_array(response_variables,time,number_of_ensembles,ncells) #shape: (# of responses, 100 ensembles, 40962 cells)
  File "src/netCDF4/_netCDF4.pyx", line 2521, in netCDF4._netCDF4.Dataset.__init__
  File "/users/PAS3252/ayang1720/HONORS_THESIS/glace_esa.py", line 72, in construct_array
  File "src/netCDF4/_netCDF4.pyx", line 2158, in netCDF4._netCDF4._ensure_nc_success
    ne=Dataset(fname3)
  File "src/netCDF4/_netCDF4.pyx", line 2521, in netCDF4._netCDF4.Dataset.__init__
    ne=Dataset(fname3)
  File "src/netCDF4/_netCDF4.pyx", line 2158, in netCDF4._netCDF4._ensure_nc_success
  File "src/netCDF4/_netCDF4.pyx", line 2521, in netCDF4._netCDF4.Dataset.__init__
FileNotFoundError: [Errno 2] No such file or directory: '/fs/ess/PAS2635/LandAir_Predictability/member_00455/diag.2021-08-08_00.00.00.nc'
  File "src/netCDF4/_netCDF4.pyx", line 2158, in netCDF4._netCDF4._ensure_nc_success
FileNotFoundError: [Errno 2] No such file or directory: '/fs/ess/PAS2635/LandAir_Predictability/member_00455/diag.2021-08-08_00.00.00.nc'
  File "src/netCDF4/_netCDF4.pyx", line 2158, in netCDF4._netCDF4._ensure_nc_success
FileNotFoundError: [Errno 2] No such file or directory: '/fs/ess/PAS2635/LandAir_Predictability/member_00455/diag.2021-08-08_00.00.00.nc'
FileNotFoundError: [Errno 2] No such file or directory: '/fs/ess/PAS2635/LandAir_Predictability/member_00455/diag.2021-08-08_00.00.00.nc'
Traceback (most recent call last):
  File "/users/PAS3252/ayang1720/HONORS_THESIS/plot_glace_ONLY.py", line 61, in <module>
Traceback (most recent call last):
  File "/users/PAS3252/ayang1720/HONORS_THESIS/plot_glace_ONLY.py", line 61, in <module>
    pvalues=glace_esa.glace_esa_pvalues(x,response_variables2[:-1],time,number_of_ensembles,ncells)
Traceback (most recent call last):
  File "/users/PAS3252/ayang1720/HONORS_THESIS/glace_esa.py", line 174, in glace_esa_pvalues
Traceback (most recent call last):
  File "/users/PAS3252/ayang1720/HONORS_THESIS/plot_glace_ONLY.py", line 61, in <module>
  File "/users/PAS3252/ayang1720/HONORS_THESIS/plot_glace_ONLY.py", line 61, in <module>
Traceback (most recent call last):
  File "/users/PAS3252/ayang1720/HONORS_THESIS/plot_glace_ONLY.py", line 61, in <module>
    pvalues=glace_esa.glace_esa_pvalues(x,response_variables2[:-1],time,number_of_ensembles,ncells)
  File "/users/PAS3252/ayang1720/HONORS_THESIS/glace_esa.py", line 174, in glace_esa_pvalues
    global_arrays=construct_array(response_variables,time,number_of_ensembles,ncells) #shape: (# of responses, 100 ensembles, 40962 cells)
  File "/users/PAS3252/ayang1720/HONORS_THESIS/glace_esa.py", line 72, in construct_array
    global_arrays=construct_array(response_variables,time,number_of_ensembles,ncells) #shape: (# of responses, 100 ensembles, 40962 cells)
  File "/users/PAS3252/ayang1720/HONORS_THESIS/glace_esa.py", line 72, in construct_array
    ne=Dataset(fname3)
  File "src/netCDF4/_netCDF4.pyx", line 2521, in netCDF4._netCDF4.Dataset.__init__
Traceback (most recent call last):
  File "/users/PAS3252/ayang1720/HONORS_THESIS/plot_glace_ONLY.py", line 61, in <module>
    ne=Dataset(fname3)
  File "src/netCDF4/_netCDF4.pyx", line 2521, in netCDF4._netCDF4.Dataset.__init__
    pvalues=glace_esa.glace_esa_pvalues(x,response_variables2[:-1],time,number_of_ensembles,ncells)
  File "src/netCDF4/_netCDF4.pyx", line 2158, in netCDF4._netCDF4._ensure_nc_success
  File "/users/PAS3252/ayang1720/HONORS_THESIS/glace_esa.py", line 174, in glace_esa_pvalues
    pvalues=glace_esa.glace_esa_pvalues(x,response_variables2[:-1],time,number_of_ensembles,ncells)
  File "/users/PAS3252/ayang1720/HONORS_THESIS/glace_esa.py", line 174, in glace_esa_pvalues
    pvalues=glace_esa.glace_esa_pvalues(x,response_variables2[:-1],time,number_of_ensembles,ncells)
  File "/users/PAS3252/ayang1720/HONORS_THESIS/glace_esa.py", line 174, in glace_esa_pvalues
  File "src/netCDF4/_netCDF4.pyx", line 2158, in netCDF4._netCDF4._ensure_nc_success
FileNotFoundError: [Errno 2] No such file or directory: '/fs/ess/PAS2635/LandAir_Predictability/member_00455/diag.2021-08-06_00.00.00.nc'
    global_arrays=construct_array(response_variables,time,number_of_ensembles,ncells) #shape: (# of responses, 100 ensembles, 40962 cells)
  File "/users/PAS3252/ayang1720/HONORS_THESIS/glace_esa.py", line 72, in construct_array
    global_arrays=construct_array(response_variables,time,number_of_ensembles,ncells) #shape: (# of responses, 100 ensembles, 40962 cells)
  File "/users/PAS3252/ayang1720/HONORS_THESIS/glace_esa.py", line 72, in construct_array
    global_arrays=construct_array(response_variables,time,number_of_ensembles,ncells) #shape: (# of responses, 100 ensembles, 40962 cells)
  File "/users/PAS3252/ayang1720/HONORS_THESIS/glace_esa.py", line 72, in construct_array
FileNotFoundError: [Errno 2] No such file or directory: '/fs/ess/PAS2635/LandAir_Predictability/member_00455/diag.2021-08-06_00.00.00.nc'
    ne=Dataset(fname3)
  File "src/netCDF4/_netCDF4.pyx", line 2521, in netCDF4._netCDF4.Dataset.__init__
    ne=Dataset(fname3)
  File "src/netCDF4/_netCDF4.pyx", line 2521, in netCDF4._netCDF4.Dataset.__init__
    ne=Dataset(fname3)
  File "src/netCDF4/_netCDF4.pyx", line 2521, in netCDF4._netCDF4.Dataset.__init__
    pvalues=glace_esa.glace_esa_pvalues(x,response_variables2[:-1],time,number_of_ensembles,ncells)
  File "/users/PAS3252/ayang1720/HONORS_THESIS/glace_esa.py", line 174, in glace_esa_pvalues
  File "src/netCDF4/_netCDF4.pyx", line 2158, in netCDF4._netCDF4._ensure_nc_success
  File "src/netCDF4/_netCDF4.pyx", line 2158, in netCDF4._netCDF4._ensure_nc_success
  File "src/netCDF4/_netCDF4.pyx", line 2158, in netCDF4._netCDF4._ensure_nc_success
    global_arrays=construct_array(response_variables,time,number_of_ensembles,ncells) #shape: (# of responses, 100 ensembles, 40962 cells)
  File "/users/PAS3252/ayang1720/HONORS_THESIS/glace_esa.py", line 72, in construct_array
FileNotFoundError: [Errno 2] No such file or directory: '/fs/ess/PAS2635/LandAir_Predictability/member_00455/diag.2021-08-06_00.00.00.nc'
FileNotFoundError: [Errno 2] No such file or directory: '/fs/ess/PAS2635/LandAir_Predictability/member_00455/diag.2021-08-06_00.00.00.nc'
FileNotFoundError: [Errno 2] No such file or directory: '/fs/ess/PAS2635/LandAir_Predictability/member_00455/diag.2021-08-06_00.00.00.nc'
    ne=Dataset(fname3)
  File "src/netCDF4/_netCDF4.pyx", line 2521, in netCDF4._netCDF4.Dataset.__init__
  File "src/netCDF4/_netCDF4.pyx", line 2158, in netCDF4._netCDF4._ensure_nc_success
FileNotFoundError: [Errno 2] No such file or directory: '/fs/ess/PAS2635/LandAir_Predictability/member_00455/diag.2021-08-06_00.00.00.nc'
Traceback (most recent call last):
  File "/users/PAS3252/ayang1720/HONORS_THESIS/plot_glace_ONLY.py", line 96, in <module>
    sc=axs[2,1].tricontourf(lons,lats,statgood,np.linspace(0,0.1,11),\
  File "/users/PAS3252/ayang1720/.local/lib/python3.9/site-packages/matplotlib/tri/_tricontour.py", line 270, in tricontourf
    return TriContourSet(ax, *args, **kwargs)
  File "/users/PAS3252/ayang1720/.local/lib/python3.9/site-packages/matplotlib/tri/_tricontour.py", line 29, in __init__
    super().__init__(ax, *args, **kwargs)
  File "/users/PAS3252/ayang1720/.local/lib/python3.9/site-packages/matplotlib/contour.py", line 813, in __init__
    kwargs = self._process_args(*args, **kwargs)
  File "/users/PAS3252/ayang1720/.local/lib/python3.9/site-packages/matplotlib/tri/_tricontour.py", line 45, in _process_args
    tri, z = self._contour_args(args, kwargs)
  File "/users/PAS3252/ayang1720/.local/lib/python3.9/site-packages/matplotlib/tri/_tricontour.py", line 54, in _contour_args
    tri, args, kwargs = Triangulation.get_from_args_and_kwargs(*args,
  File "/users/PAS3252/ayang1720/.local/lib/python3.9/site-packages/matplotlib/tri/_triangulation.py", line 167, in get_from_args_and_kwargs
    triangulation = Triangulation(x, y, triangles, mask)
  File "/users/PAS3252/ayang1720/.local/lib/python3.9/site-packages/matplotlib/tri/_triangulation.py", line 60, in __init__
    self.triangles, self._neighbors = _qhull.delaunay(x, y, sys.flags.verbose)
ValueError: x and y arrays must have a length of at least 3
